addi t0, zero, 1
addi t1, zero, 1
beq t0, t1, 8 
jal zero, 12
addi t2, zero, 3
jal zero, 12
addi t2, zero, 4
jal zero, 4 
addi a0, t2, 0
