lui t1, 0
addi t1, t1, 100
fcvtsw ft1, t1
fmvxw a0, ft1
