lui t1, 259686
addi t1, t1, 1638
sw t1, sp, 0
flw ft0, sp, 0
fmvxw a0, ft0
