lui t1, 252805
addi t1, t1, 492
fmvwx ft1, t1
fsqrt ft0, ft1
fmvxw a0, ft0
