lui t1, 259686
addi t1, t1, 1638
fmvwx ft1, t1
addi sp, zero, 0
fsw ft1, sp, 0
lw a0, sp, 0
