add a1, zero, ra
jal ra, 72
jal ra, 36
lui t0, 520192
addi t0, t0, 0
lb t1, t0, 8
andi t1, t1, 1
addi t2, zero, 1
beq t1, t2, -28
add ra, zero, a1
jalr zero, ra, 0
lui t0, 520192
addi t0, t0, 0
lb t1, t0, 8
andi t1, t1, 8
addi t2, zero, 8
beq t1, t2, -20
sb a0, t0, 4
jalr zero, ra, 0
lui t0, 520192
addi t0, t0, 0
lb t1, t0, 8
andi t1, t1, 1
addi t2, zero, 1
beq t1, t2, 8
jal zero, -24
lb a0, t0, 0
jalr zero, ra, 0
