lui t0, 0
addi t0, t0, -1
lui t1, 0
addi t1, t1, -1
mulhu a0, t0, t1
