lui t0, 279604
addi t0, t0, 577
lui t1, 279604
addi t1, t1, 577
lui sp, 520192
addi sp, sp, 0
sb t0, sp, 0
sb t1, sp, 4
sh t0, sp, 8
sh t1, sp, 16
sw t0, sp, 24
